Component: Arm Compiler for Embedded 6.23 Tool: armlink [5f102400]

==============================================================================

Section Cross References

    main.o(MYDATA) refers (Special) to display2.o(MYCODE) for DISPLAY_HUM
    main.o(MYDATA) refers (Special) to ldr.o(LDR_Module) for LDR_Init
    main.o(MYDATA) refers (Special) to mq2.o(MQ2_Module) for MQ2_Update
    main.o(MYCODE) refers (Special) to display2.o(MYCODE) for DISPLAY_HUM
    main.o(MYCODE) refers (Special) to ldr.o(LDR_Module) for LDR_Init
    main.o(MYCODE) refers (Special) to mq2.o(MQ2_Module) for MQ2_Update
    main.o(MYCODE) refers to main.o(MYDATA) for ZERO_DIGIT
    main.o(MYCODE) refers to timer1.o(MYCODE) for TIMER2_INIT
    main.o(MYCODE) refers to flamesensor.o(Flame_Module) for Flame_Init
    main.o(MYCODE) refers to dht1.o(MYCODE) for DHT11_READ
    display.o(MYCODE) refers to display.o(MYDATA) for ZERO_DIGIT
    display2.o(MYCODE) refers to display2.o(MYDATA) for ZERO_DIGIT
    display2.o(MYCODE) refers to dht1.o(MYCODE) for DHT11_READ
    display3.o(MYCODE) refers to display3.o(MYDATA) for ZERO_DIGIT
    display3.o(MYCODE) refers to dht1.o(MYCODE) for DHT11_READ
    display3.o(MYCODE) refers to timer1.o(MYCODE) for TIMER3_INIT
    startup_stm32f10x_md.o(STACK) refers (Special) to heapauxi.o(.text) for __use_two_region_memory
    startup_stm32f10x_md.o(HEAP) refers (Special) to heapauxi.o(.text) for __use_two_region_memory
    startup_stm32f10x_md.o(RESET) refers (Special) to heapauxi.o(.text) for __use_two_region_memory
    startup_stm32f10x_md.o(RESET) refers to startup_stm32f10x_md.o(STACK) for __initial_sp
    startup_stm32f10x_md.o(RESET) refers to startup_stm32f10x_md.o(.text) for Reset_Handler
    startup_stm32f10x_md.o(.text) refers (Special) to heapauxi.o(.text) for __use_two_region_memory
    startup_stm32f10x_md.o(.text) refers to system_stm32f10x.o(.text.SystemInit) for SystemInit
    startup_stm32f10x_md.o(.text) refers to main.o(MYCODE) for __main
    startup_stm32f10x_md.o(.text) refers to startup_stm32f10x_md.o(HEAP) for Heap_Mem
    startup_stm32f10x_md.o(.text) refers to startup_stm32f10x_md.o(STACK) for Stack_Mem
    system_stm32f10x.o(.text.SystemInit) refers to system_stm32f10x.o(.text.SetSysClock) for SetSysClock
    system_stm32f10x.o(.ARM.exidx.text.SystemInit) refers to system_stm32f10x.o(.text.SystemInit) for [Anonymous Symbol]
    system_stm32f10x.o(.text.SetSysClock) refers to system_stm32f10x.o(.text.SetSysClockTo72) for SetSysClockTo72
    system_stm32f10x.o(.ARM.exidx.text.SetSysClock) refers to system_stm32f10x.o(.text.SetSysClock) for [Anonymous Symbol]
    system_stm32f10x.o(.text.SystemCoreClockUpdate) refers to system_stm32f10x.o(.data.SystemCoreClock) for SystemCoreClock
    system_stm32f10x.o(.text.SystemCoreClockUpdate) refers to system_stm32f10x.o(.rodata.AHBPrescTable) for AHBPrescTable
    system_stm32f10x.o(.ARM.exidx.text.SystemCoreClockUpdate) refers to system_stm32f10x.o(.text.SystemCoreClockUpdate) for [Anonymous Symbol]
    system_stm32f10x.o(.ARM.exidx.text.SetSysClockTo72) refers to system_stm32f10x.o(.text.SetSysClockTo72) for [Anonymous Symbol]


==============================================================================

Removing Unused input sections from the image.

    Removing tft.o(MYDATA), (5188 bytes).
    Removing tft.o(MYCODE), (608 bytes).
    Removing definitions.o(MYDATA), (5188 bytes).
    Removing display.o(MYDATA), (5188 bytes).
    Removing display.o(MYCODE), (872 bytes).
    Removing timer1.o(MYDATA), (5188 bytes).
    Removing dht1.o(MYDATA), (5188 bytes).
    Removing display3.o(MYDATA), (5188 bytes).
    Removing display3.o(MYCODE), (2672 bytes).
    Removing mq2.o(MYDATA), (5188 bytes).
    Removing ldr.o(MYDATA), (5188 bytes).
    Removing flamesensor.o(MYDATA), (5188 bytes).
    Removing ir.o(.text), (0 bytes).
    Removing system_stm32f10x.o(.text), (0 bytes).
    Removing system_stm32f10x.o(.ARM.exidx.text.SystemInit), (8 bytes).
    Removing system_stm32f10x.o(.ARM.exidx.text.SetSysClock), (8 bytes).
    Removing system_stm32f10x.o(.text.SystemCoreClockUpdate), (290 bytes).
    Removing system_stm32f10x.o(.ARM.exidx.text.SystemCoreClockUpdate), (8 bytes).
    Removing system_stm32f10x.o(.ARM.exidx.text.SetSysClockTo72), (8 bytes).
    Removing system_stm32f10x.o(.data.SystemCoreClock), (4 bytes).
    Removing system_stm32f10x.o(.rodata.AHBPrescTable), (16 bytes).

21 unused section(s) (total 51186 bytes) removed from the image.

==============================================================================

Image Symbol Table

    Local Symbols

    Symbol Name                              Value     Ov Type        Size  Object(Section)

    ../clib/heapaux.c                        0x00000000   Number         0  heapauxi.o ABSOLUTE
    DEFINITIONS.s                            0x00000000   Number         0  definitions.o ABSOLUTE
    DHT1.s                                   0x00000000   Number         0  dht1.o ABSOLUTE
    DISPLAY.s                                0x00000000   Number         0  display.o ABSOLUTE
    DISPLAY2.s                               0x00000000   Number         0  display2.o ABSOLUTE
    DISPLAY3.s                               0x00000000   Number         0  display3.o ABSOLUTE
    FlameSensor.s                            0x00000000   Number         0  flamesensor.o ABSOLUTE
    IR.c                                     0x00000000   Number         0  ir.o ABSOLUTE
    LDR.s                                    0x00000000   Number         0  ldr.o ABSOLUTE
    MQ2.s                                    0x00000000   Number         0  mq2.o ABSOLUTE
    RTE/Device/STM32F103C8/startup_stm32f10x_md.s 0x00000000   Number         0  startup_stm32f10x_md.o ABSOLUTE
    TFT.s                                    0x00000000   Number         0  tft.o ABSOLUTE
    Timer1.s                                 0x00000000   Number         0  timer1.o ABSOLUTE
    dc.s                                     0x00000000   Number         0  dc.o ABSOLUTE
    main.s                                   0x00000000   Number         0  main.o ABSOLUTE
    system_stm32f10x.c                       0x00000000   Number         0  system_stm32f10x.o ABSOLUTE
    RESET                                    0x08000000   Section      236  startup_stm32f10x_md.o(RESET)
    .text                                    0x080000ec   Section       64  startup_stm32f10x_md.o(.text)
    .text                                    0x0800012c   Section        0  heapauxi.o(.text)
    SetSysClock                              0x08000135   Thumb Code     8  system_stm32f10x.o(.text.SetSysClock)
    [Anonymous Symbol]                       0x08000134   Section        0  system_stm32f10x.o(.text.SetSysClock)
    SetSysClockTo72                          0x0800013d   Thumb Code   290  system_stm32f10x.o(.text.SetSysClockTo72)
    [Anonymous Symbol]                       0x0800013c   Section        0  system_stm32f10x.o(.text.SetSysClockTo72)
    [Anonymous Symbol]                       0x08000260   Section        0  system_stm32f10x.o(.text.SystemInit)
    Flame_Module                             0x080002c8   Section       76  flamesensor.o(Flame_Module)
    LDR_Module                               0x08000314   Section       88  ldr.o(LDR_Module)
    MQ2_Module                               0x0800036c   Section       76  mq2.o(MQ2_Module)
    MYCODE                                   0x080003b8   Section     1104  main.o(MYCODE)
    MYCODE                                   0x08000808   Section      244  timer1.o(MYCODE)
    MYCODE                                   0x080008fc   Section      232  dht1.o(MYCODE)
    MYCODE                                   0x080009e4   Section     1660  display2.o(MYCODE)
    MYDATA                                   0x08001060   Section     5188  main.o(MYDATA)
    EIGHT_DIGIT                              0x08001200   Data          16  main.o(MYDATA)
    FIVE_DIGIT                               0x08001210   Data          16  main.o(MYDATA)
    FOUR_DIGIT                               0x08001220   Data          16  main.o(MYDATA)
    NINE_DIGIT                               0x08001230   Data          16  main.o(MYDATA)
    ONE_DIGIT                                0x08001240   Data          16  main.o(MYDATA)
    SEVEN_DIGIT                              0x08001250   Data          16  main.o(MYDATA)
    SIX_DIGIT                                0x08001260   Data          16  main.o(MYDATA)
    THREE_DIGIT                              0x08001270   Data          16  main.o(MYDATA)
    TWO_DIGIT                                0x08001280   Data          16  main.o(MYDATA)
    ZERO_DIGIT                               0x08001290   Data          16  main.o(MYDATA)
    percentage                               0x08001374   Data          68  main.o(MYDATA)
    celsius_25                               0x080013b8   Data          80  main.o(MYDATA)
    MYDATA                                   0x080024a4   Section     5188  display2.o(MYDATA)
    E_CHAR                                   0x080024e4   Data          16  display2.o(MYDATA)
    H_CHAR                                   0x08002514   Data          16  display2.o(MYDATA)
    M_CHAR                                   0x08002564   Data          16  display2.o(MYDATA)
    P_CHAR                                   0x08002584   Data          16  display2.o(MYDATA)
    T_CHAR                                   0x080025c4   Data          16  display2.o(MYDATA)
    U_CHAR                                   0x080025d4   Data          16  display2.o(MYDATA)
    EIGHT_DIGIT                              0x08002644   Data          16  display2.o(MYDATA)
    FIVE_DIGIT                               0x08002654   Data          16  display2.o(MYDATA)
    FOUR_DIGIT                               0x08002664   Data          16  display2.o(MYDATA)
    NINE_DIGIT                               0x08002674   Data          16  display2.o(MYDATA)
    ONE_DIGIT                                0x08002684   Data          16  display2.o(MYDATA)
    SEVEN_DIGIT                              0x08002694   Data          16  display2.o(MYDATA)
    SIX_DIGIT                                0x080026a4   Data          16  display2.o(MYDATA)
    THREE_DIGIT                              0x080026b4   Data          16  display2.o(MYDATA)
    TWO_DIGIT                                0x080026c4   Data          16  display2.o(MYDATA)
    ZERO_DIGIT                               0x080026d4   Data          16  display2.o(MYDATA)
    DOT                                      0x080026e4   Data          16  display2.o(MYDATA)
    Heap_Mem                                 0x20000000   Data         512  startup_stm32f10x_md.o(HEAP)
    HEAP                                     0x20000000   Section      512  startup_stm32f10x_md.o(HEAP)
    Stack_Mem                                0x20000200   Data        1024  startup_stm32f10x_md.o(STACK)
    STACK                                    0x20000200   Section     1024  startup_stm32f10x_md.o(STACK)
    __initial_sp                             0x20000600   Data           0  startup_stm32f10x_md.o(STACK)

    Global Symbols

    Symbol Name                              Value     Ov Type        Size  Object(Section)

    BuildAttributes$$THM_ISAv4$P$D$K$B$S$PE$A:L22UL41UL21$X:L11$S22US41US21$IEEE1$IW$~IW$USESV6$~STKCKD$USESV7$~SHL$OSPACE$ROPI$EBA8$STANDARDLIB$REQ8$EABIv2 0x00000000   Number         0  anon$$obj.o ABSOLUTE
    __Vectors_Size                           0x000000ec   Number         0  startup_stm32f10x_md.o ABSOLUTE
    __Vectors                                0x08000000   Data           4  startup_stm32f10x_md.o(RESET)
    Reset_Handler                            0x080000ed   Thumb Code     8  startup_stm32f10x_md.o(.text)
    __Vectors_End                            0x080000ec   Data           0  startup_stm32f10x_md.o(RESET)
    NMI_Handler                              0x080000f5   Thumb Code     2  startup_stm32f10x_md.o(.text)
    HardFault_Handler                        0x080000f7   Thumb Code     2  startup_stm32f10x_md.o(.text)
    MemManage_Handler                        0x080000f9   Thumb Code     2  startup_stm32f10x_md.o(.text)
    BusFault_Handler                         0x080000fb   Thumb Code     2  startup_stm32f10x_md.o(.text)
    UsageFault_Handler                       0x080000fd   Thumb Code     2  startup_stm32f10x_md.o(.text)
    SVC_Handler                              0x080000ff   Thumb Code     2  startup_stm32f10x_md.o(.text)
    DebugMon_Handler                         0x08000101   Thumb Code     2  startup_stm32f10x_md.o(.text)
    PendSV_Handler                           0x08000103   Thumb Code     2  startup_stm32f10x_md.o(.text)
    SysTick_Handler                          0x08000105   Thumb Code     2  startup_stm32f10x_md.o(.text)
    ADC1_2_IRQHandler                        0x08000107   Thumb Code     0  startup_stm32f10x_md.o(.text)
    CAN1_RX1_IRQHandler                      0x08000107   Thumb Code     0  startup_stm32f10x_md.o(.text)
    CAN1_SCE_IRQHandler                      0x08000107   Thumb Code     0  startup_stm32f10x_md.o(.text)
    DMA1_Channel1_IRQHandler                 0x08000107   Thumb Code     0  startup_stm32f10x_md.o(.text)
    DMA1_Channel2_IRQHandler                 0x08000107   Thumb Code     0  startup_stm32f10x_md.o(.text)
    DMA1_Channel3_IRQHandler                 0x08000107   Thumb Code     0  startup_stm32f10x_md.o(.text)
    DMA1_Channel4_IRQHandler                 0x08000107   Thumb Code     0  startup_stm32f10x_md.o(.text)
    DMA1_Channel5_IRQHandler                 0x08000107   Thumb Code     0  startup_stm32f10x_md.o(.text)
    DMA1_Channel6_IRQHandler                 0x08000107   Thumb Code     0  startup_stm32f10x_md.o(.text)
    DMA1_Channel7_IRQHandler                 0x08000107   Thumb Code     0  startup_stm32f10x_md.o(.text)
    EXTI0_IRQHandler                         0x08000107   Thumb Code     0  startup_stm32f10x_md.o(.text)
    EXTI15_10_IRQHandler                     0x08000107   Thumb Code     0  startup_stm32f10x_md.o(.text)
    EXTI1_IRQHandler                         0x08000107   Thumb Code     0  startup_stm32f10x_md.o(.text)
    EXTI2_IRQHandler                         0x08000107   Thumb Code     0  startup_stm32f10x_md.o(.text)
    EXTI3_IRQHandler                         0x08000107   Thumb Code     0  startup_stm32f10x_md.o(.text)
    EXTI4_IRQHandler                         0x08000107   Thumb Code     0  startup_stm32f10x_md.o(.text)
    EXTI9_5_IRQHandler                       0x08000107   Thumb Code     0  startup_stm32f10x_md.o(.text)
    FLASH_IRQHandler                         0x08000107   Thumb Code     0  startup_stm32f10x_md.o(.text)
    I2C1_ER_IRQHandler                       0x08000107   Thumb Code     0  startup_stm32f10x_md.o(.text)
    I2C1_EV_IRQHandler                       0x08000107   Thumb Code     0  startup_stm32f10x_md.o(.text)
    I2C2_ER_IRQHandler                       0x08000107   Thumb Code     0  startup_stm32f10x_md.o(.text)
    I2C2_EV_IRQHandler                       0x08000107   Thumb Code     0  startup_stm32f10x_md.o(.text)
    PVD_IRQHandler                           0x08000107   Thumb Code     0  startup_stm32f10x_md.o(.text)
    RCC_IRQHandler                           0x08000107   Thumb Code     0  startup_stm32f10x_md.o(.text)
    RTCAlarm_IRQHandler                      0x08000107   Thumb Code     0  startup_stm32f10x_md.o(.text)
    RTC_IRQHandler                           0x08000107   Thumb Code     0  startup_stm32f10x_md.o(.text)
    SPI1_IRQHandler                          0x08000107   Thumb Code     0  startup_stm32f10x_md.o(.text)
    SPI2_IRQHandler                          0x08000107   Thumb Code     0  startup_stm32f10x_md.o(.text)
    TAMPER_IRQHandler                        0x08000107   Thumb Code     0  startup_stm32f10x_md.o(.text)
    TIM1_BRK_IRQHandler                      0x08000107   Thumb Code     0  startup_stm32f10x_md.o(.text)
    TIM1_CC_IRQHandler                       0x08000107   Thumb Code     0  startup_stm32f10x_md.o(.text)
    TIM1_TRG_COM_IRQHandler                  0x08000107   Thumb Code     0  startup_stm32f10x_md.o(.text)
    TIM1_UP_IRQHandler                       0x08000107   Thumb Code     0  startup_stm32f10x_md.o(.text)
    TIM2_IRQHandler                          0x08000107   Thumb Code     0  startup_stm32f10x_md.o(.text)
    TIM3_IRQHandler                          0x08000107   Thumb Code     0  startup_stm32f10x_md.o(.text)
    TIM4_IRQHandler                          0x08000107   Thumb Code     0  startup_stm32f10x_md.o(.text)
    USART1_IRQHandler                        0x08000107   Thumb Code     0  startup_stm32f10x_md.o(.text)
    USART2_IRQHandler                        0x08000107   Thumb Code     0  startup_stm32f10x_md.o(.text)
    USART3_IRQHandler                        0x08000107   Thumb Code     0  startup_stm32f10x_md.o(.text)
    USBWakeUp_IRQHandler                     0x08000107   Thumb Code     0  startup_stm32f10x_md.o(.text)
    USB_HP_CAN1_TX_IRQHandler                0x08000107   Thumb Code     0  startup_stm32f10x_md.o(.text)
    USB_LP_CAN1_RX0_IRQHandler               0x08000107   Thumb Code     0  startup_stm32f10x_md.o(.text)
    WWDG_IRQHandler                          0x08000107   Thumb Code     0  startup_stm32f10x_md.o(.text)
    __user_initial_stackheap                 0x08000109   Thumb Code     0  startup_stm32f10x_md.o(.text)
    __use_two_region_memory                  0x0800012d   Thumb Code     2  heapauxi.o(.text)
    __rt_heap_escrow$2region                 0x0800012f   Thumb Code     2  heapauxi.o(.text)
    __rt_heap_expand$2region                 0x08000131   Thumb Code     2  heapauxi.o(.text)
    SystemInit                               0x08000261   Thumb Code   102  system_stm32f10x.o(.text.SystemInit)
    Flame_Init                               0x080002c9   Thumb Code     0  flamesensor.o(Flame_Module)
    Flame_Update                             0x080002e3   Thumb Code     0  flamesensor.o(Flame_Module)
    LDR_Init                                 0x08000315   Thumb Code     0  ldr.o(LDR_Module)
    LDR_Update                               0x08000341   Thumb Code     0  ldr.o(LDR_Module)
    MQ2_Init                                 0x0800036d   Thumb Code     0  mq2.o(MQ2_Module)
    MQ2_Update                               0x08000387   Thumb Code     0  mq2.o(MQ2_Module)
    __main                                   0x08000721   Thumb Code   222  main.o(MYCODE)
    TIMER2_INIT                              0x08000809   Thumb Code     0  timer1.o(MYCODE)
    TIMER3_INIT                              0x0800084b   Thumb Code     0  timer1.o(MYCODE)
    TIMER4_INIT                              0x0800088b   Thumb Code     0  timer1.o(MYCODE)
    DHT11_READ                               0x080008fd   Thumb Code     0  dht1.o(MYCODE)
    DELAY_MICROSECONDS                       0x080009bf   Thumb Code     0  dht1.o(MYCODE)
    DISPLAY_TEMP                             0x08000f5f   Thumb Code     0  display2.o(MYCODE)
    DISPLAY_HUM                              0x08000fb1   Thumb Code     0  display2.o(MYCODE)
    UPDATE_Temp_Humidity                     0x08000ff5   Thumb Code     0  display2.o(MYCODE)



==============================================================================

Memory Map of the image

  Image Entry point : 0x080000ed

  Load Region LR_1 (Base: 0x08000000, Size: 0x000038e8, Max: 0xffffffff, ABSOLUTE)

    Execution Region ER_RO (Exec base: 0x08000000, Load base: 0x08000000, Size: 0x000038e8, Max: 0xffffffff, ABSOLUTE)

    Exec Addr    Load Addr    Size         Type   Attr      Idx    E Section Name        Object

    0x08000000   0x08000000   0x000000ec   Data   RO           48    RESET               startup_stm32f10x_md.o
    0x080000ec   0x080000ec   0x00000040   Code   RO           49  * .text               startup_stm32f10x_md.o
    0x0800012c   0x0800012c   0x00000006   Code   RO           72    .text               c_w.l(heapauxi.o)
    0x08000132   0x08000132   0x00000002   PAD
    0x08000134   0x08000134   0x00000008   Code   RO           56    .text.SetSysClock   system_stm32f10x.o
    0x0800013c   0x0800013c   0x00000122   Code   RO           60    .text.SetSysClockTo72  system_stm32f10x.o
    0x0800025e   0x0800025e   0x00000002   PAD
    0x08000260   0x08000260   0x00000066   Code   RO           54    .text.SystemInit    system_stm32f10x.o
    0x080002c6   0x080002c6   0x00000002   PAD
    0x080002c8   0x080002c8   0x0000004c   Code   RO           42    Flame_Module        flamesensor.o
    0x08000314   0x08000314   0x00000058   Code   RO           38    LDR_Module          ldr.o
    0x0800036c   0x0800036c   0x0000004c   Code   RO           34    MQ2_Module          mq2.o
    0x080003b8   0x080003b8   0x00000450   Code   RO            2  * MYCODE              main.o
    0x08000808   0x08000808   0x000000f4   Code   RO           18    MYCODE              timer1.o
    0x080008fc   0x080008fc   0x000000e8   Code   RO           22    MYCODE              dht1.o
    0x080009e4   0x080009e4   0x0000067c   Code   RO           26    MYCODE              display2.o
    0x08001060   0x08001060   0x00001444   Data   RO            1    MYDATA              main.o
    0x080024a4   0x080024a4   0x00001444   Data   RO           25    MYDATA              display2.o


    Execution Region ER_RW (Exec base: 0x20000000, Load base: 0x080038e8, Size: 0x00000000, Max: 0xffffffff, ABSOLUTE)

    **** No section assigned to this execution region ****


    Execution Region ER_ZI (Exec base: 0x20000000, Load base: 0x080038e8, Size: 0x00000600, Max: 0xffffffff, ABSOLUTE)

    Exec Addr    Load Addr    Size         Type   Attr      Idx    E Section Name        Object

    0x20000000        -       0x00000200   Zero   RW           47    HEAP                startup_stm32f10x_md.o
    0x20000200        -       0x00000400   Zero   RW           46    STACK               startup_stm32f10x_md.o


==============================================================================

Image component sizes


      Code (inc. data)   RO Data    RW Data    ZI Data      Debug   Object Name

       232         14          0          0          0        252   dht1.o
      1660        112       5188          0          0        744   display2.o
        76         12          0          0          0        216   flamesensor.o
        88          8          0          0          0        200   ldr.o
      1104         70       5188          0          0        712   main.o
        76         12          0          0          0        200   mq2.o
        64         26        236          0       1536        776   startup_stm32f10x_md.o
       400          0          0          0          0       2963   system_stm32f10x.o
       244         50          0          0          0        256   timer1.o

    ----------------------------------------------------------------------
      3948        304      10612          0       1536       6319   Object Totals
         0          0          0          0          0          0   (incl. Generated)
         4          0          0          0          0          0   (incl. Padding)

    ----------------------------------------------------------------------

      Code (inc. data)   RO Data    RW Data    ZI Data      Debug   Library Member Name

         6          0          0          0          0        152   heapauxi.o

    ----------------------------------------------------------------------
         8          0          0          0          0        152   Library Totals
         2          0          0          0          0          0   (incl. Padding)

    ----------------------------------------------------------------------

      Code (inc. data)   RO Data    RW Data    ZI Data      Debug   Library Name

         6          0          0          0          0        152   c_w.l

    ----------------------------------------------------------------------
         8          0          0          0          0        152   Library Totals

    ----------------------------------------------------------------------

==============================================================================


      Code (inc. data)   RO Data    RW Data    ZI Data      Debug   

      3956        304      10612          0       1536       6419   Grand Totals
      3956        304      10612          0       1536       6419   ELF Image Totals
      3956        304      10612          0          0          0   ROM Totals

==============================================================================

    Total RO  Size (Code + RO Data)                14568 (  14.23kB)
    Total RW  Size (RW Data + ZI Data)              1536 (   1.50kB)
    Total ROM Size (Code + RO Data + RW Data)      14568 (  14.23kB)

==============================================================================

