Component: Arm Compiler for Embedded 6.23 Tool: armlink [5f102400]

==============================================================================

Section Cross References

    main.o(MYDATA) refers (Special) to ldr.o(LDR_Module) for LDR_Init
    main.o(MYCODE) refers (Special) to ldr.o(LDR_Module) for LDR_Init
    main.o(MYCODE) refers to main.o(MYDATA) for ZERO_DIGIT
    main.o(MYCODE) refers to timer1.o(MYCODE) for TIMER2_INIT
    main.o(MYCODE) refers to mq2.o(MQ2_Module) for MQ2_Init
    main.o(MYCODE) refers to flamesensor.o(Flame_Module) for Flame_Init
    main.o(MYCODE) refers to dht1.o(MYCODE) for DHT11_READ
    display.o(MYCODE) refers to display.o(MYDATA) for ZERO_DIGIT
    mq2.o(MQ2_Module) refers to mq2.o(MYCODE) for DRAW_RECTANGLE_FILLED
    flamesensor.o(Flame_Module) refers to flamesensor.o(MYCODE) for DRAW_RECTANGLE_FILLED
    startup_stm32f10x_md.o(STACK) refers (Special) to heapauxi.o(.text) for __use_two_region_memory
    startup_stm32f10x_md.o(HEAP) refers (Special) to heapauxi.o(.text) for __use_two_region_memory
    startup_stm32f10x_md.o(RESET) refers (Special) to heapauxi.o(.text) for __use_two_region_memory
    startup_stm32f10x_md.o(RESET) refers to startup_stm32f10x_md.o(STACK) for __initial_sp
    startup_stm32f10x_md.o(RESET) refers to startup_stm32f10x_md.o(.text) for Reset_Handler
    startup_stm32f10x_md.o(.text) refers (Special) to heapauxi.o(.text) for __use_two_region_memory
    startup_stm32f10x_md.o(.text) refers to system_stm32f10x.o(.text.SystemInit) for SystemInit
    startup_stm32f10x_md.o(.text) refers to main.o(MYCODE) for __main
    startup_stm32f10x_md.o(.text) refers to startup_stm32f10x_md.o(HEAP) for Heap_Mem
    startup_stm32f10x_md.o(.text) refers to startup_stm32f10x_md.o(STACK) for Stack_Mem
    system_stm32f10x.o(.text.SystemInit) refers to system_stm32f10x.o(.text.SetSysClock) for SetSysClock
    system_stm32f10x.o(.ARM.exidx.text.SystemInit) refers to system_stm32f10x.o(.text.SystemInit) for [Anonymous Symbol]
    system_stm32f10x.o(.text.SetSysClock) refers to system_stm32f10x.o(.text.SetSysClockTo72) for SetSysClockTo72
    system_stm32f10x.o(.ARM.exidx.text.SetSysClock) refers to system_stm32f10x.o(.text.SetSysClock) for [Anonymous Symbol]
    system_stm32f10x.o(.text.SystemCoreClockUpdate) refers to system_stm32f10x.o(.data.SystemCoreClock) for SystemCoreClock
    system_stm32f10x.o(.text.SystemCoreClockUpdate) refers to system_stm32f10x.o(.rodata.AHBPrescTable) for AHBPrescTable
    system_stm32f10x.o(.ARM.exidx.text.SystemCoreClockUpdate) refers to system_stm32f10x.o(.text.SystemCoreClockUpdate) for [Anonymous Symbol]
    system_stm32f10x.o(.ARM.exidx.text.SetSysClockTo72) refers to system_stm32f10x.o(.text.SetSysClockTo72) for [Anonymous Symbol]


==============================================================================

Removing Unused input sections from the image.

    Removing tft.o(MYDATA), (820 bytes).
    Removing tft.o(MYCODE), (608 bytes).
    Removing definitions.o(MYDATA), (820 bytes).
    Removing display.o(MYDATA), (820 bytes).
    Removing display.o(MYCODE), (872 bytes).
    Removing timer1.o(MYDATA), (820 bytes).
    Removing dht1.o(MYDATA), (5188 bytes).
    Removing mq2.o(MYDATA), (820 bytes).
    Removing ldr.o(MYDATA), (5188 bytes).
    Removing flamesensor.o(MYDATA), (820 bytes).
    Removing system_stm32f10x.o(.text), (0 bytes).
    Removing system_stm32f10x.o(.ARM.exidx.text.SystemInit), (8 bytes).
    Removing system_stm32f10x.o(.ARM.exidx.text.SetSysClock), (8 bytes).
    Removing system_stm32f10x.o(.text.SystemCoreClockUpdate), (290 bytes).
    Removing system_stm32f10x.o(.ARM.exidx.text.SystemCoreClockUpdate), (8 bytes).
    Removing system_stm32f10x.o(.ARM.exidx.text.SetSysClockTo72), (8 bytes).
    Removing system_stm32f10x.o(.data.SystemCoreClock), (4 bytes).
    Removing system_stm32f10x.o(.rodata.AHBPrescTable), (16 bytes).

18 unused section(s) (total 17118 bytes) removed from the image.

==============================================================================

Image Symbol Table

    Local Symbols

    Symbol Name                              Value     Ov Type        Size  Object(Section)

    ../clib/heapaux.c                        0x00000000   Number         0  heapauxi.o ABSOLUTE
    DEFINITIONS.s                            0x00000000   Number         0  definitions.o ABSOLUTE
    DHT1.s                                   0x00000000   Number         0  dht1.o ABSOLUTE
    DISPLAY.s                                0x00000000   Number         0  display.o ABSOLUTE
    FlameSensor.s                            0x00000000   Number         0  flamesensor.o ABSOLUTE
    LDR.s                                    0x00000000   Number         0  ldr.o ABSOLUTE
    MQ2.s                                    0x00000000   Number         0  mq2.o ABSOLUTE
    RTE/Device/STM32F103C8/startup_stm32f10x_md.s 0x00000000   Number         0  startup_stm32f10x_md.o ABSOLUTE
    TFT.s                                    0x00000000   Number         0  tft.o ABSOLUTE
    Timer1.s                                 0x00000000   Number         0  timer1.o ABSOLUTE
    dc.s                                     0x00000000   Number         0  dc.o ABSOLUTE
    main.s                                   0x00000000   Number         0  main.o ABSOLUTE
    system_stm32f10x.c                       0x00000000   Number         0  system_stm32f10x.o ABSOLUTE
    RESET                                    0x08000000   Section      236  startup_stm32f10x_md.o(RESET)
    .text                                    0x080000ec   Section       64  startup_stm32f10x_md.o(.text)
    .text                                    0x0800012c   Section        0  heapauxi.o(.text)
    SetSysClock                              0x08000135   Thumb Code     8  system_stm32f10x.o(.text.SetSysClock)
    [Anonymous Symbol]                       0x08000134   Section        0  system_stm32f10x.o(.text.SetSysClock)
    SetSysClockTo72                          0x0800013d   Thumb Code   290  system_stm32f10x.o(.text.SetSysClockTo72)
    [Anonymous Symbol]                       0x0800013c   Section        0  system_stm32f10x.o(.text.SetSysClockTo72)
    [Anonymous Symbol]                       0x08000260   Section        0  system_stm32f10x.o(.text.SystemInit)
    Flame_Module                             0x080002c8   Section      124  flamesensor.o(Flame_Module)
    LDR_Module                               0x08000344   Section       88  ldr.o(LDR_Module)
    MQ2_Module                               0x0800039c   Section      124  mq2.o(MQ2_Module)
    MYCODE                                   0x08000418   Section     1112  main.o(MYCODE)
    MYCODE                                   0x08000870   Section       80  timer1.o(MYCODE)
    MYCODE                                   0x080008c0   Section      232  dht1.o(MYCODE)
    MYCODE                                   0x080009a8   Section      608  mq2.o(MYCODE)
    DRAW_RECTANGLE_FILLED                    0x08000b37   Thumb Code     0  mq2.o(MYCODE)
    MYCODE                                   0x08000c08   Section      608  flamesensor.o(MYCODE)
    DRAW_RECTANGLE_FILLED                    0x08000d97   Thumb Code     0  flamesensor.o(MYCODE)
    MYDATA                                   0x08000e68   Section      820  main.o(MYDATA)
    EIGHT_DIGIT                              0x08001008   Data          16  main.o(MYDATA)
    FIVE_DIGIT                               0x08001018   Data          16  main.o(MYDATA)
    FOUR_DIGIT                               0x08001028   Data          16  main.o(MYDATA)
    NINE_DIGIT                               0x08001038   Data          16  main.o(MYDATA)
    ONE_DIGIT                                0x08001048   Data          16  main.o(MYDATA)
    SEVEN_DIGIT                              0x08001058   Data          16  main.o(MYDATA)
    SIX_DIGIT                                0x08001068   Data          16  main.o(MYDATA)
    THREE_DIGIT                              0x08001078   Data          16  main.o(MYDATA)
    TWO_DIGIT                                0x08001088   Data          16  main.o(MYDATA)
    ZERO_DIGIT                               0x08001098   Data          16  main.o(MYDATA)
    percentage                               0x080010a8   Data          68  main.o(MYDATA)
    celsius_25                               0x080010ec   Data          80  main.o(MYDATA)
    Heap_Mem                                 0x20000000   Data         512  startup_stm32f10x_md.o(HEAP)
    HEAP                                     0x20000000   Section      512  startup_stm32f10x_md.o(HEAP)
    Stack_Mem                                0x20000200   Data        1024  startup_stm32f10x_md.o(STACK)
    STACK                                    0x20000200   Section     1024  startup_stm32f10x_md.o(STACK)
    __initial_sp                             0x20000600   Data           0  startup_stm32f10x_md.o(STACK)

    Global Symbols

    Symbol Name                              Value     Ov Type        Size  Object(Section)

    BuildAttributes$$THM_ISAv4$P$D$K$B$S$PE$A:L22UL41UL21$X:L11$S22US41US21$IEEE1$IW$~IW$USESV6$~STKCKD$USESV7$~SHL$OSPACE$ROPI$EBA8$STANDARDLIB$REQ8$EABIv2 0x00000000   Number         0  anon$$obj.o ABSOLUTE
    __Vectors_Size                           0x000000ec   Number         0  startup_stm32f10x_md.o ABSOLUTE
    __Vectors                                0x08000000   Data           4  startup_stm32f10x_md.o(RESET)
    Reset_Handler                            0x080000ed   Thumb Code     8  startup_stm32f10x_md.o(.text)
    __Vectors_End                            0x080000ec   Data           0  startup_stm32f10x_md.o(RESET)
    NMI_Handler                              0x080000f5   Thumb Code     2  startup_stm32f10x_md.o(.text)
    HardFault_Handler                        0x080000f7   Thumb Code     2  startup_stm32f10x_md.o(.text)
    MemManage_Handler                        0x080000f9   Thumb Code     2  startup_stm32f10x_md.o(.text)
    BusFault_Handler                         0x080000fb   Thumb Code     2  startup_stm32f10x_md.o(.text)
    UsageFault_Handler                       0x080000fd   Thumb Code     2  startup_stm32f10x_md.o(.text)
    SVC_Handler                              0x080000ff   Thumb Code     2  startup_stm32f10x_md.o(.text)
    DebugMon_Handler                         0x08000101   Thumb Code     2  startup_stm32f10x_md.o(.text)
    PendSV_Handler                           0x08000103   Thumb Code     2  startup_stm32f10x_md.o(.text)
    SysTick_Handler                          0x08000105   Thumb Code     2  startup_stm32f10x_md.o(.text)
    ADC1_2_IRQHandler                        0x08000107   Thumb Code     0  startup_stm32f10x_md.o(.text)
    CAN1_RX1_IRQHandler                      0x08000107   Thumb Code     0  startup_stm32f10x_md.o(.text)
    CAN1_SCE_IRQHandler                      0x08000107   Thumb Code     0  startup_stm32f10x_md.o(.text)
    DMA1_Channel1_IRQHandler                 0x08000107   Thumb Code     0  startup_stm32f10x_md.o(.text)
    DMA1_Channel2_IRQHandler                 0x08000107   Thumb Code     0  startup_stm32f10x_md.o(.text)
    DMA1_Channel3_IRQHandler                 0x08000107   Thumb Code     0  startup_stm32f10x_md.o(.text)
    DMA1_Channel4_IRQHandler                 0x08000107   Thumb Code     0  startup_stm32f10x_md.o(.text)
    DMA1_Channel5_IRQHandler                 0x08000107   Thumb Code     0  startup_stm32f10x_md.o(.text)
    DMA1_Channel6_IRQHandler                 0x08000107   Thumb Code     0  startup_stm32f10x_md.o(.text)
    DMA1_Channel7_IRQHandler                 0x08000107   Thumb Code     0  startup_stm32f10x_md.o(.text)
    EXTI0_IRQHandler                         0x08000107   Thumb Code     0  startup_stm32f10x_md.o(.text)
    EXTI15_10_IRQHandler                     0x08000107   Thumb Code     0  startup_stm32f10x_md.o(.text)
    EXTI1_IRQHandler                         0x08000107   Thumb Code     0  startup_stm32f10x_md.o(.text)
    EXTI2_IRQHandler                         0x08000107   Thumb Code     0  startup_stm32f10x_md.o(.text)
    EXTI3_IRQHandler                         0x08000107   Thumb Code     0  startup_stm32f10x_md.o(.text)
    EXTI4_IRQHandler                         0x08000107   Thumb Code     0  startup_stm32f10x_md.o(.text)
    EXTI9_5_IRQHandler                       0x08000107   Thumb Code     0  startup_stm32f10x_md.o(.text)
    FLASH_IRQHandler                         0x08000107   Thumb Code     0  startup_stm32f10x_md.o(.text)
    I2C1_ER_IRQHandler                       0x08000107   Thumb Code     0  startup_stm32f10x_md.o(.text)
    I2C1_EV_IRQHandler                       0x08000107   Thumb Code     0  startup_stm32f10x_md.o(.text)
    I2C2_ER_IRQHandler                       0x08000107   Thumb Code     0  startup_stm32f10x_md.o(.text)
    I2C2_EV_IRQHandler                       0x08000107   Thumb Code     0  startup_stm32f10x_md.o(.text)
    PVD_IRQHandler                           0x08000107   Thumb Code     0  startup_stm32f10x_md.o(.text)
    RCC_IRQHandler                           0x08000107   Thumb Code     0  startup_stm32f10x_md.o(.text)
    RTCAlarm_IRQHandler                      0x08000107   Thumb Code     0  startup_stm32f10x_md.o(.text)
    RTC_IRQHandler                           0x08000107   Thumb Code     0  startup_stm32f10x_md.o(.text)
    SPI1_IRQHandler                          0x08000107   Thumb Code     0  startup_stm32f10x_md.o(.text)
    SPI2_IRQHandler                          0x08000107   Thumb Code     0  startup_stm32f10x_md.o(.text)
    TAMPER_IRQHandler                        0x08000107   Thumb Code     0  startup_stm32f10x_md.o(.text)
    TIM1_BRK_IRQHandler                      0x08000107   Thumb Code     0  startup_stm32f10x_md.o(.text)
    TIM1_CC_IRQHandler                       0x08000107   Thumb Code     0  startup_stm32f10x_md.o(.text)
    TIM1_TRG_COM_IRQHandler                  0x08000107   Thumb Code     0  startup_stm32f10x_md.o(.text)
    TIM1_UP_IRQHandler                       0x08000107   Thumb Code     0  startup_stm32f10x_md.o(.text)
    TIM2_IRQHandler                          0x08000107   Thumb Code     0  startup_stm32f10x_md.o(.text)
    TIM3_IRQHandler                          0x08000107   Thumb Code     0  startup_stm32f10x_md.o(.text)
    TIM4_IRQHandler                          0x08000107   Thumb Code     0  startup_stm32f10x_md.o(.text)
    USART1_IRQHandler                        0x08000107   Thumb Code     0  startup_stm32f10x_md.o(.text)
    USART2_IRQHandler                        0x08000107   Thumb Code     0  startup_stm32f10x_md.o(.text)
    USART3_IRQHandler                        0x08000107   Thumb Code     0  startup_stm32f10x_md.o(.text)
    USBWakeUp_IRQHandler                     0x08000107   Thumb Code     0  startup_stm32f10x_md.o(.text)
    USB_HP_CAN1_TX_IRQHandler                0x08000107   Thumb Code     0  startup_stm32f10x_md.o(.text)
    USB_LP_CAN1_RX0_IRQHandler               0x08000107   Thumb Code     0  startup_stm32f10x_md.o(.text)
    WWDG_IRQHandler                          0x08000107   Thumb Code     0  startup_stm32f10x_md.o(.text)
    __user_initial_stackheap                 0x08000109   Thumb Code     0  startup_stm32f10x_md.o(.text)
    __use_two_region_memory                  0x0800012d   Thumb Code     2  heapauxi.o(.text)
    __rt_heap_escrow$2region                 0x0800012f   Thumb Code     2  heapauxi.o(.text)
    __rt_heap_expand$2region                 0x08000131   Thumb Code     2  heapauxi.o(.text)
    SystemInit                               0x08000261   Thumb Code   102  system_stm32f10x.o(.text.SystemInit)
    Flame_Init                               0x080002c9   Thumb Code     0  flamesensor.o(Flame_Module)
    Flame_Update                             0x080002e3   Thumb Code     0  flamesensor.o(Flame_Module)
    LDR_Init                                 0x08000345   Thumb Code     0  ldr.o(LDR_Module)
    LDR_Update                               0x08000371   Thumb Code     0  ldr.o(LDR_Module)
    MQ2_Init                                 0x0800039d   Thumb Code     0  mq2.o(MQ2_Module)
    MQ2_Update                               0x080003b7   Thumb Code     0  mq2.o(MQ2_Module)
    __main                                   0x08000781   Thumb Code   230  main.o(MYCODE)
    TIMER2_INIT                              0x08000871   Thumb Code     0  timer1.o(MYCODE)
    DHT11_READ                               0x080008c1   Thumb Code     0  dht1.o(MYCODE)
    DELAY_MICROSECONDS                       0x08000983   Thumb Code     0  dht1.o(MYCODE)



==============================================================================

Memory Map of the image

  Image Entry point : 0x080000ed

  Load Region LR_1 (Base: 0x08000000, Size: 0x0000119c, Max: 0xffffffff, ABSOLUTE)

    Execution Region ER_RO (Exec base: 0x08000000, Load base: 0x08000000, Size: 0x0000119c, Max: 0xffffffff, ABSOLUTE)

    Exec Addr    Load Addr    Size         Type   Attr      Idx    E Section Name        Object

    0x08000000   0x08000000   0x000000ec   Data   RO           45    RESET               startup_stm32f10x_md.o
    0x080000ec   0x080000ec   0x00000040   Code   RO           46  * .text               startup_stm32f10x_md.o
    0x0800012c   0x0800012c   0x00000006   Code   RO           69    .text               c_w.l(heapauxi.o)
    0x08000132   0x08000132   0x00000002   PAD
    0x08000134   0x08000134   0x00000008   Code   RO           53    .text.SetSysClock   system_stm32f10x.o
    0x0800013c   0x0800013c   0x00000122   Code   RO           57    .text.SetSysClockTo72  system_stm32f10x.o
    0x0800025e   0x0800025e   0x00000002   PAD
    0x08000260   0x08000260   0x00000066   Code   RO           51    .text.SystemInit    system_stm32f10x.o
    0x080002c6   0x080002c6   0x00000002   PAD
    0x080002c8   0x080002c8   0x0000007c   Code   RO           38    Flame_Module        flamesensor.o
    0x08000344   0x08000344   0x00000058   Code   RO           33    LDR_Module          ldr.o
    0x0800039c   0x0800039c   0x0000007c   Code   RO           27    MQ2_Module          mq2.o
    0x08000418   0x08000418   0x00000458   Code   RO            2  * MYCODE              main.o
    0x08000870   0x08000870   0x00000050   Code   RO           18    MYCODE              timer1.o
    0x080008c0   0x080008c0   0x000000e8   Code   RO           22    MYCODE              dht1.o
    0x080009a8   0x080009a8   0x00000260   Code   RO           26    MYCODE              mq2.o
    0x08000c08   0x08000c08   0x00000260   Code   RO           37    MYCODE              flamesensor.o
    0x08000e68   0x08000e68   0x00000334   Data   RO            1    MYDATA              main.o


    Execution Region ER_RW (Exec base: 0x20000000, Load base: 0x0800119c, Size: 0x00000000, Max: 0xffffffff, ABSOLUTE)

    **** No section assigned to this execution region ****


    Execution Region ER_ZI (Exec base: 0x20000000, Load base: 0x0800119c, Size: 0x00000600, Max: 0xffffffff, ABSOLUTE)

    Exec Addr    Load Addr    Size         Type   Attr      Idx    E Section Name        Object

    0x20000000        -       0x00000200   Zero   RW           44    HEAP                startup_stm32f10x_md.o
    0x20000200        -       0x00000400   Zero   RW           43    STACK               startup_stm32f10x_md.o


==============================================================================

Image component sizes


      Code (inc. data)   RO Data    RW Data    ZI Data      Debug   Object Name

       232         14          0          0          0        252   dht1.o
       732         32          0          0          0        648   flamesensor.o
        88          8          0          0          0        200   ldr.o
      1112         70        820          0          0        712   main.o
       732         32          0          0          0        624   mq2.o
        64         26        236          0       1536        776   startup_stm32f10x_md.o
       400          0          0          0          0       2963   system_stm32f10x.o
        80         14          0          0          0        204   timer1.o

    ----------------------------------------------------------------------
      3444        196       1056          0       1536       6379   Object Totals
         0          0          0          0          0          0   (incl. Generated)
         4          0          0          0          0          0   (incl. Padding)

    ----------------------------------------------------------------------

      Code (inc. data)   RO Data    RW Data    ZI Data      Debug   Library Member Name

         6          0          0          0          0        152   heapauxi.o

    ----------------------------------------------------------------------
         8          0          0          0          0        152   Library Totals
         2          0          0          0          0          0   (incl. Padding)

    ----------------------------------------------------------------------

      Code (inc. data)   RO Data    RW Data    ZI Data      Debug   Library Name

         6          0          0          0          0        152   c_w.l

    ----------------------------------------------------------------------
         8          0          0          0          0        152   Library Totals

    ----------------------------------------------------------------------

==============================================================================


      Code (inc. data)   RO Data    RW Data    ZI Data      Debug   

      3452        196       1056          0       1536       6479   Grand Totals
      3452        196       1056          0       1536       6479   ELF Image Totals
      3452        196       1056          0          0          0   ROM Totals

==============================================================================

    Total RO  Size (Code + RO Data)                 4508 (   4.40kB)
    Total RW  Size (RW Data + ZI Data)              1536 (   1.50kB)
    Total ROM Size (Code + RO Data + RW Data)       4508 (   4.40kB)

==============================================================================

