Component: Arm Compiler for Embedded 6.23 Tool: armlink [5f102400]

==============================================================================

Section Cross References

    main.o(MYDATA) refers (Special) to display2.o(MYCODE) for DISPLAY_HUM
    main.o(MYDATA) refers (Special) to ldr.o(LDR_Module) for LDR_Update
    main.o(MYDATA) refers (Special) to mq2.o(MQ2_Module) for MQ2_Update
    main.o(MYDATA) refers (Special) to display3.o(MYCODE) for UPDATE_Modes
    main.o(MYCODE) refers (Special) to display2.o(MYCODE) for DISPLAY_HUM
    main.o(MYCODE) refers (Special) to ldr.o(LDR_Module) for LDR_Update
    main.o(MYCODE) refers (Special) to mq2.o(MQ2_Module) for MQ2_Update
    main.o(MYCODE) refers (Special) to display3.o(MYCODE) for UPDATE_Modes
    main.o(MYCODE) refers to main.o(MYDATA) for ZERO_DIGIT
    main.o(MYCODE) refers to dht1.o(MYCODE) for DHT11_READ
    display.o(MYCODE) refers to display.o(MYDATA) for ZERO_DIGIT
    display2.o(MYCODE) refers to display2.o(MYDATA) for ZERO_DIGIT
    display2.o(MYCODE) refers to dht1.o(MYCODE) for DHT11_READ
    display3.o(MYCODE) refers to display3.o(MYDATA) for ZERO_DIGIT
    display3.o(MYCODE) refers to dht1.o(MYCODE) for DHT11_READ
    display3.o(MYCODE) refers to timer1.o(MYCODE) for TIMER3_INIT
    startup_stm32f10x_md.o(STACK) refers (Special) to heapauxi.o(.text) for __use_two_region_memory
    startup_stm32f10x_md.o(HEAP) refers (Special) to heapauxi.o(.text) for __use_two_region_memory
    startup_stm32f10x_md.o(RESET) refers (Special) to heapauxi.o(.text) for __use_two_region_memory
    startup_stm32f10x_md.o(RESET) refers to startup_stm32f10x_md.o(STACK) for __initial_sp
    startup_stm32f10x_md.o(RESET) refers to startup_stm32f10x_md.o(.text) for Reset_Handler
    startup_stm32f10x_md.o(.text) refers (Special) to heapauxi.o(.text) for __use_two_region_memory
    startup_stm32f10x_md.o(.text) refers to system_stm32f10x.o(.text.SystemInit) for SystemInit
    startup_stm32f10x_md.o(.text) refers to main.o(MYCODE) for __main
    startup_stm32f10x_md.o(.text) refers to startup_stm32f10x_md.o(HEAP) for Heap_Mem
    startup_stm32f10x_md.o(.text) refers to startup_stm32f10x_md.o(STACK) for Stack_Mem
    system_stm32f10x.o(.text.SystemInit) refers to system_stm32f10x.o(.text.SetSysClock) for SetSysClock
    system_stm32f10x.o(.ARM.exidx.text.SystemInit) refers to system_stm32f10x.o(.text.SystemInit) for [Anonymous Symbol]
    system_stm32f10x.o(.text.SetSysClock) refers to system_stm32f10x.o(.text.SetSysClockTo72) for SetSysClockTo72
    system_stm32f10x.o(.ARM.exidx.text.SetSysClock) refers to system_stm32f10x.o(.text.SetSysClock) for [Anonymous Symbol]
    system_stm32f10x.o(.text.SystemCoreClockUpdate) refers to system_stm32f10x.o(.data.SystemCoreClock) for SystemCoreClock
    system_stm32f10x.o(.text.SystemCoreClockUpdate) refers to system_stm32f10x.o(.rodata.AHBPrescTable) for AHBPrescTable
    system_stm32f10x.o(.ARM.exidx.text.SystemCoreClockUpdate) refers to system_stm32f10x.o(.text.SystemCoreClockUpdate) for [Anonymous Symbol]
    system_stm32f10x.o(.ARM.exidx.text.SetSysClockTo72) refers to system_stm32f10x.o(.text.SetSysClockTo72) for [Anonymous Symbol]


==============================================================================

Removing Unused input sections from the image.

    Removing tft.o(MYDATA), (5188 bytes).
    Removing tft.o(MYCODE), (608 bytes).
    Removing definitions.o(MYDATA), (5188 bytes).
    Removing display.o(MYDATA), (5188 bytes).
    Removing display.o(MYCODE), (872 bytes).
    Removing timer1.o(MYDATA), (5188 bytes).
    Removing dht1.o(MYDATA), (5188 bytes).
    Removing mq2.o(MYDATA), (5188 bytes).
    Removing ldr.o(MYDATA), (5188 bytes).
    Removing system_stm32f10x.o(.text), (0 bytes).
    Removing system_stm32f10x.o(.ARM.exidx.text.SystemInit), (8 bytes).
    Removing system_stm32f10x.o(.ARM.exidx.text.SetSysClock), (8 bytes).
    Removing system_stm32f10x.o(.text.SystemCoreClockUpdate), (290 bytes).
    Removing system_stm32f10x.o(.ARM.exidx.text.SystemCoreClockUpdate), (8 bytes).
    Removing system_stm32f10x.o(.ARM.exidx.text.SetSysClockTo72), (8 bytes).
    Removing system_stm32f10x.o(.data.SystemCoreClock), (4 bytes).
    Removing system_stm32f10x.o(.rodata.AHBPrescTable), (16 bytes).

17 unused section(s) (total 38138 bytes) removed from the image.

==============================================================================

Image Symbol Table

    Local Symbols

    Symbol Name                              Value     Ov Type        Size  Object(Section)

    ../clib/heapaux.c                        0x00000000   Number         0  heapauxi.o ABSOLUTE
    DEFINITIONS.s                            0x00000000   Number         0  definitions.o ABSOLUTE
    DHT1.s                                   0x00000000   Number         0  dht1.o ABSOLUTE
    DISPLAY.s                                0x00000000   Number         0  display.o ABSOLUTE
    DISPLAY2.s                               0x00000000   Number         0  display2.o ABSOLUTE
    DISPLAY3.s                               0x00000000   Number         0  display3.o ABSOLUTE
    LDR.s                                    0x00000000   Number         0  ldr.o ABSOLUTE
    MQ2.s                                    0x00000000   Number         0  mq2.o ABSOLUTE
    RTE/Device/STM32F103C8/startup_stm32f10x_md.s 0x00000000   Number         0  startup_stm32f10x_md.o ABSOLUTE
    TFT.s                                    0x00000000   Number         0  tft.o ABSOLUTE
    Timer1.s                                 0x00000000   Number         0  timer1.o ABSOLUTE
    dc.s                                     0x00000000   Number         0  dc.o ABSOLUTE
    main.s                                   0x00000000   Number         0  main.o ABSOLUTE
    system_stm32f10x.c                       0x00000000   Number         0  system_stm32f10x.o ABSOLUTE
    RESET                                    0x08000000   Section      236  startup_stm32f10x_md.o(RESET)
    .text                                    0x080000ec   Section       64  startup_stm32f10x_md.o(.text)
    .text                                    0x0800012c   Section        0  heapauxi.o(.text)
    SetSysClock                              0x08000135   Thumb Code     8  system_stm32f10x.o(.text.SetSysClock)
    [Anonymous Symbol]                       0x08000134   Section        0  system_stm32f10x.o(.text.SetSysClock)
    SetSysClockTo72                          0x0800013d   Thumb Code   290  system_stm32f10x.o(.text.SetSysClockTo72)
    [Anonymous Symbol]                       0x0800013c   Section        0  system_stm32f10x.o(.text.SetSysClockTo72)
    [Anonymous Symbol]                       0x08000260   Section        0  system_stm32f10x.o(.text.SystemInit)
    LDR_Module                               0x080002c8   Section       88  ldr.o(LDR_Module)
    MQ2_Module                               0x08000320   Section       88  mq2.o(MQ2_Module)
    MYCODE                                   0x08000378   Section     1008  main.o(MYCODE)
    MYCODE                                   0x08000768   Section      244  timer1.o(MYCODE)
    MYCODE                                   0x0800085c   Section      232  dht1.o(MYCODE)
    MYCODE                                   0x08000944   Section     1660  display2.o(MYCODE)
    MYCODE                                   0x08000fc0   Section     2672  display3.o(MYCODE)
    MYDATA                                   0x08001a30   Section     5188  main.o(MYDATA)
    EIGHT_DIGIT                              0x08001bd0   Data          16  main.o(MYDATA)
    FIVE_DIGIT                               0x08001be0   Data          16  main.o(MYDATA)
    FOUR_DIGIT                               0x08001bf0   Data          16  main.o(MYDATA)
    NINE_DIGIT                               0x08001c00   Data          16  main.o(MYDATA)
    ONE_DIGIT                                0x08001c10   Data          16  main.o(MYDATA)
    SEVEN_DIGIT                              0x08001c20   Data          16  main.o(MYDATA)
    SIX_DIGIT                                0x08001c30   Data          16  main.o(MYDATA)
    THREE_DIGIT                              0x08001c40   Data          16  main.o(MYDATA)
    TWO_DIGIT                                0x08001c50   Data          16  main.o(MYDATA)
    ZERO_DIGIT                               0x08001c60   Data          16  main.o(MYDATA)
    percentage                               0x08001d44   Data          68  main.o(MYDATA)
    celsius_25                               0x08001d88   Data          80  main.o(MYDATA)
    MYDATA                                   0x08002e74   Section     5188  display2.o(MYDATA)
    E_CHAR                                   0x08002eb4   Data          16  display2.o(MYDATA)
    H_CHAR                                   0x08002ee4   Data          16  display2.o(MYDATA)
    M_CHAR                                   0x08002f34   Data          16  display2.o(MYDATA)
    P_CHAR                                   0x08002f54   Data          16  display2.o(MYDATA)
    T_CHAR                                   0x08002f94   Data          16  display2.o(MYDATA)
    U_CHAR                                   0x08002fa4   Data          16  display2.o(MYDATA)
    EIGHT_DIGIT                              0x08003014   Data          16  display2.o(MYDATA)
    FIVE_DIGIT                               0x08003024   Data          16  display2.o(MYDATA)
    FOUR_DIGIT                               0x08003034   Data          16  display2.o(MYDATA)
    NINE_DIGIT                               0x08003044   Data          16  display2.o(MYDATA)
    ONE_DIGIT                                0x08003054   Data          16  display2.o(MYDATA)
    SEVEN_DIGIT                              0x08003064   Data          16  display2.o(MYDATA)
    SIX_DIGIT                                0x08003074   Data          16  display2.o(MYDATA)
    THREE_DIGIT                              0x08003084   Data          16  display2.o(MYDATA)
    TWO_DIGIT                                0x08003094   Data          16  display2.o(MYDATA)
    ZERO_DIGIT                               0x080030a4   Data          16  display2.o(MYDATA)
    DOT                                      0x080030b4   Data          16  display2.o(MYDATA)
    MYDATA                                   0x080042b8   Section     5188  display3.o(MYDATA)
    E_CHAR                                   0x080042f8   Data          16  display3.o(MYDATA)
    H_CHAR                                   0x08004328   Data          16  display3.o(MYDATA)
    M_CHAR                                   0x08004378   Data          16  display3.o(MYDATA)
    P_CHAR                                   0x08004398   Data          16  display3.o(MYDATA)
    T_CHAR                                   0x080043d8   Data          16  display3.o(MYDATA)
    U_CHAR                                   0x080043e8   Data          16  display3.o(MYDATA)
    EIGHT_DIGIT                              0x08004458   Data          16  display3.o(MYDATA)
    FIVE_DIGIT                               0x08004468   Data          16  display3.o(MYDATA)
    FOUR_DIGIT                               0x08004478   Data          16  display3.o(MYDATA)
    NINE_DIGIT                               0x08004488   Data          16  display3.o(MYDATA)
    ONE_DIGIT                                0x08004498   Data          16  display3.o(MYDATA)
    SEVEN_DIGIT                              0x080044a8   Data          16  display3.o(MYDATA)
    SIX_DIGIT                                0x080044b8   Data          16  display3.o(MYDATA)
    THREE_DIGIT                              0x080044c8   Data          16  display3.o(MYDATA)
    TWO_DIGIT                                0x080044d8   Data          16  display3.o(MYDATA)
    ZERO_DIGIT                               0x080044e8   Data          16  display3.o(MYDATA)
    DOT                                      0x080044f8   Data          16  display3.o(MYDATA)
    GEAR                                     0x08004660   Data          72  display3.o(MYDATA)
    Heap_Mem                                 0x20000000   Data         512  startup_stm32f10x_md.o(HEAP)
    HEAP                                     0x20000000   Section      512  startup_stm32f10x_md.o(HEAP)
    Stack_Mem                                0x20000200   Data        1024  startup_stm32f10x_md.o(STACK)
    STACK                                    0x20000200   Section     1024  startup_stm32f10x_md.o(STACK)
    __initial_sp                             0x20000600   Data           0  startup_stm32f10x_md.o(STACK)

    Global Symbols

    Symbol Name                              Value     Ov Type        Size  Object(Section)

    BuildAttributes$$THM_ISAv4$P$D$K$B$S$PE$A:L22UL41UL21$X:L11$S22US41US21$IEEE1$IW$~IW$USESV6$~STKCKD$USESV7$~SHL$OSPACE$ROPI$EBA8$STANDARDLIB$REQ8$EABIv2 0x00000000   Number         0  anon$$obj.o ABSOLUTE
    __Vectors_Size                           0x000000ec   Number         0  startup_stm32f10x_md.o ABSOLUTE
    __Vectors                                0x08000000   Data           4  startup_stm32f10x_md.o(RESET)
    Reset_Handler                            0x080000ed   Thumb Code     8  startup_stm32f10x_md.o(.text)
    __Vectors_End                            0x080000ec   Data           0  startup_stm32f10x_md.o(RESET)
    NMI_Handler                              0x080000f5   Thumb Code     2  startup_stm32f10x_md.o(.text)
    HardFault_Handler                        0x080000f7   Thumb Code     2  startup_stm32f10x_md.o(.text)
    MemManage_Handler                        0x080000f9   Thumb Code     2  startup_stm32f10x_md.o(.text)
    BusFault_Handler                         0x080000fb   Thumb Code     2  startup_stm32f10x_md.o(.text)
    UsageFault_Handler                       0x080000fd   Thumb Code     2  startup_stm32f10x_md.o(.text)
    SVC_Handler                              0x080000ff   Thumb Code     2  startup_stm32f10x_md.o(.text)
    DebugMon_Handler                         0x08000101   Thumb Code     2  startup_stm32f10x_md.o(.text)
    PendSV_Handler                           0x08000103   Thumb Code     2  startup_stm32f10x_md.o(.text)
    SysTick_Handler                          0x08000105   Thumb Code     2  startup_stm32f10x_md.o(.text)
    ADC1_2_IRQHandler                        0x08000107   Thumb Code     0  startup_stm32f10x_md.o(.text)
    CAN1_RX1_IRQHandler                      0x08000107   Thumb Code     0  startup_stm32f10x_md.o(.text)
    CAN1_SCE_IRQHandler                      0x08000107   Thumb Code     0  startup_stm32f10x_md.o(.text)
    DMA1_Channel1_IRQHandler                 0x08000107   Thumb Code     0  startup_stm32f10x_md.o(.text)
    DMA1_Channel2_IRQHandler                 0x08000107   Thumb Code     0  startup_stm32f10x_md.o(.text)
    DMA1_Channel3_IRQHandler                 0x08000107   Thumb Code     0  startup_stm32f10x_md.o(.text)
    DMA1_Channel4_IRQHandler                 0x08000107   Thumb Code     0  startup_stm32f10x_md.o(.text)
    DMA1_Channel5_IRQHandler                 0x08000107   Thumb Code     0  startup_stm32f10x_md.o(.text)
    DMA1_Channel6_IRQHandler                 0x08000107   Thumb Code     0  startup_stm32f10x_md.o(.text)
    DMA1_Channel7_IRQHandler                 0x08000107   Thumb Code     0  startup_stm32f10x_md.o(.text)
    EXTI0_IRQHandler                         0x08000107   Thumb Code     0  startup_stm32f10x_md.o(.text)
    EXTI15_10_IRQHandler                     0x08000107   Thumb Code     0  startup_stm32f10x_md.o(.text)
    EXTI1_IRQHandler                         0x08000107   Thumb Code     0  startup_stm32f10x_md.o(.text)
    EXTI2_IRQHandler                         0x08000107   Thumb Code     0  startup_stm32f10x_md.o(.text)
    EXTI3_IRQHandler                         0x08000107   Thumb Code     0  startup_stm32f10x_md.o(.text)
    EXTI4_IRQHandler                         0x08000107   Thumb Code     0  startup_stm32f10x_md.o(.text)
    EXTI9_5_IRQHandler                       0x08000107   Thumb Code     0  startup_stm32f10x_md.o(.text)
    FLASH_IRQHandler                         0x08000107   Thumb Code     0  startup_stm32f10x_md.o(.text)
    I2C1_ER_IRQHandler                       0x08000107   Thumb Code     0  startup_stm32f10x_md.o(.text)
    I2C1_EV_IRQHandler                       0x08000107   Thumb Code     0  startup_stm32f10x_md.o(.text)
    I2C2_ER_IRQHandler                       0x08000107   Thumb Code     0  startup_stm32f10x_md.o(.text)
    I2C2_EV_IRQHandler                       0x08000107   Thumb Code     0  startup_stm32f10x_md.o(.text)
    PVD_IRQHandler                           0x08000107   Thumb Code     0  startup_stm32f10x_md.o(.text)
    RCC_IRQHandler                           0x08000107   Thumb Code     0  startup_stm32f10x_md.o(.text)
    RTCAlarm_IRQHandler                      0x08000107   Thumb Code     0  startup_stm32f10x_md.o(.text)
    RTC_IRQHandler                           0x08000107   Thumb Code     0  startup_stm32f10x_md.o(.text)
    SPI1_IRQHandler                          0x08000107   Thumb Code     0  startup_stm32f10x_md.o(.text)
    SPI2_IRQHandler                          0x08000107   Thumb Code     0  startup_stm32f10x_md.o(.text)
    TAMPER_IRQHandler                        0x08000107   Thumb Code     0  startup_stm32f10x_md.o(.text)
    TIM1_BRK_IRQHandler                      0x08000107   Thumb Code     0  startup_stm32f10x_md.o(.text)
    TIM1_CC_IRQHandler                       0x08000107   Thumb Code     0  startup_stm32f10x_md.o(.text)
    TIM1_TRG_COM_IRQHandler                  0x08000107   Thumb Code     0  startup_stm32f10x_md.o(.text)
    TIM1_UP_IRQHandler                       0x08000107   Thumb Code     0  startup_stm32f10x_md.o(.text)
    TIM2_IRQHandler                          0x08000107   Thumb Code     0  startup_stm32f10x_md.o(.text)
    TIM3_IRQHandler                          0x08000107   Thumb Code     0  startup_stm32f10x_md.o(.text)
    TIM4_IRQHandler                          0x08000107   Thumb Code     0  startup_stm32f10x_md.o(.text)
    USART1_IRQHandler                        0x08000107   Thumb Code     0  startup_stm32f10x_md.o(.text)
    USART2_IRQHandler                        0x08000107   Thumb Code     0  startup_stm32f10x_md.o(.text)
    USART3_IRQHandler                        0x08000107   Thumb Code     0  startup_stm32f10x_md.o(.text)
    USBWakeUp_IRQHandler                     0x08000107   Thumb Code     0  startup_stm32f10x_md.o(.text)
    USB_HP_CAN1_TX_IRQHandler                0x08000107   Thumb Code     0  startup_stm32f10x_md.o(.text)
    USB_LP_CAN1_RX0_IRQHandler               0x08000107   Thumb Code     0  startup_stm32f10x_md.o(.text)
    WWDG_IRQHandler                          0x08000107   Thumb Code     0  startup_stm32f10x_md.o(.text)
    __user_initial_stackheap                 0x08000109   Thumb Code     0  startup_stm32f10x_md.o(.text)
    __use_two_region_memory                  0x0800012d   Thumb Code     2  heapauxi.o(.text)
    __rt_heap_escrow$2region                 0x0800012f   Thumb Code     2  heapauxi.o(.text)
    __rt_heap_expand$2region                 0x08000131   Thumb Code     2  heapauxi.o(.text)
    SystemInit                               0x08000261   Thumb Code   102  system_stm32f10x.o(.text.SystemInit)
    LDR_Init                                 0x080002c9   Thumb Code     0  ldr.o(LDR_Module)
    LDR_Update                               0x080002f5   Thumb Code     0  ldr.o(LDR_Module)
    MQ2_Init                                 0x08000321   Thumb Code     0  mq2.o(MQ2_Module)
    MQ2_Update                               0x0800034d   Thumb Code     0  mq2.o(MQ2_Module)
    __main                                   0x080006e1   Thumb Code   128  main.o(MYCODE)
    TIMER2_INIT                              0x08000769   Thumb Code     0  timer1.o(MYCODE)
    TIMER3_INIT                              0x080007ab   Thumb Code     0  timer1.o(MYCODE)
    TIMER4_INIT                              0x080007eb   Thumb Code     0  timer1.o(MYCODE)
    DHT11_READ                               0x0800085d   Thumb Code     0  dht1.o(MYCODE)
    DISPLAY_TEMP                             0x08000ebf   Thumb Code     0  display2.o(MYCODE)
    DISPLAY_HUM                              0x08000f11   Thumb Code     0  display2.o(MYCODE)
    UPDATE_Temp_Humidity                     0x08000f55   Thumb Code     0  display2.o(MYCODE)
    UPDATE_Modes                             0x0800163d   Thumb Code     0  display3.o(MYCODE)



==============================================================================

Memory Map of the image

  Image Entry point : 0x080000ed

  Load Region LR_1 (Base: 0x08000000, Size: 0x000056fc, Max: 0xffffffff, ABSOLUTE)

    Execution Region ER_RO (Exec base: 0x08000000, Load base: 0x08000000, Size: 0x000056fc, Max: 0xffffffff, ABSOLUTE)

    Exec Addr    Load Addr    Size         Type   Attr      Idx    E Section Name        Object

    0x08000000   0x08000000   0x000000ec   Data   RO           43    RESET               startup_stm32f10x_md.o
    0x080000ec   0x080000ec   0x00000040   Code   RO           44  * .text               startup_stm32f10x_md.o
    0x0800012c   0x0800012c   0x00000006   Code   RO           67    .text               c_w.l(heapauxi.o)
    0x08000132   0x08000132   0x00000002   PAD
    0x08000134   0x08000134   0x00000008   Code   RO           51    .text.SetSysClock   system_stm32f10x.o
    0x0800013c   0x0800013c   0x00000122   Code   RO           55    .text.SetSysClockTo72  system_stm32f10x.o
    0x0800025e   0x0800025e   0x00000002   PAD
    0x08000260   0x08000260   0x00000066   Code   RO           49    .text.SystemInit    system_stm32f10x.o
    0x080002c6   0x080002c6   0x00000002   PAD
    0x080002c8   0x080002c8   0x00000058   Code   RO           38    LDR_Module          ldr.o
    0x08000320   0x08000320   0x00000058   Code   RO           34    MQ2_Module          mq2.o
    0x08000378   0x08000378   0x000003f0   Code   RO            2  * MYCODE              main.o
    0x08000768   0x08000768   0x000000f4   Code   RO           18    MYCODE              timer1.o
    0x0800085c   0x0800085c   0x000000e8   Code   RO           22    MYCODE              dht1.o
    0x08000944   0x08000944   0x0000067c   Code   RO           26    MYCODE              display2.o
    0x08000fc0   0x08000fc0   0x00000a70   Code   RO           30    MYCODE              display3.o
    0x08001a30   0x08001a30   0x00001444   Data   RO            1    MYDATA              main.o
    0x08002e74   0x08002e74   0x00001444   Data   RO           25    MYDATA              display2.o
    0x080042b8   0x080042b8   0x00001444   Data   RO           29    MYDATA              display3.o


    Execution Region ER_RW (Exec base: 0x20000000, Load base: 0x080056fc, Size: 0x00000000, Max: 0xffffffff, ABSOLUTE)

    **** No section assigned to this execution region ****


    Execution Region ER_ZI (Exec base: 0x20000000, Load base: 0x080056fc, Size: 0x00000600, Max: 0xffffffff, ABSOLUTE)

    Exec Addr    Load Addr    Size         Type   Attr      Idx    E Section Name        Object

    0x20000000        -       0x00000200   Zero   RW           42    HEAP                startup_stm32f10x_md.o
    0x20000200        -       0x00000400   Zero   RW           41    STACK               startup_stm32f10x_md.o


==============================================================================

Image component sizes


      Code (inc. data)   RO Data    RW Data    ZI Data      Debug   Object Name

       232         14          0          0          0        248   dht1.o
      1660        112       5188          0          0        744   display2.o
      2672        174       5188          0          0       1088   display3.o
        88          8          0          0          0        200   ldr.o
      1008         68       5188          0          0        680   main.o
        88          8          0          0          0        200   mq2.o
        64         26        236          0       1536        776   startup_stm32f10x_md.o
       400          0          0          0          0       2963   system_stm32f10x.o
       244         50          0          0          0        256   timer1.o

    ----------------------------------------------------------------------
      6460        460      15800          0       1536       7155   Object Totals
         0          0          0          0          0          0   (incl. Generated)
         4          0          0          0          0          0   (incl. Padding)

    ----------------------------------------------------------------------

      Code (inc. data)   RO Data    RW Data    ZI Data      Debug   Library Member Name

         6          0          0          0          0        152   heapauxi.o

    ----------------------------------------------------------------------
         8          0          0          0          0        152   Library Totals
         2          0          0          0          0          0   (incl. Padding)

    ----------------------------------------------------------------------

      Code (inc. data)   RO Data    RW Data    ZI Data      Debug   Library Name

         6          0          0          0          0        152   c_w.l

    ----------------------------------------------------------------------
         8          0          0          0          0        152   Library Totals

    ----------------------------------------------------------------------

==============================================================================


      Code (inc. data)   RO Data    RW Data    ZI Data      Debug   

      6468        460      15800          0       1536       7255   Grand Totals
      6468        460      15800          0       1536       7255   ELF Image Totals
      6468        460      15800          0          0          0   ROM Totals

==============================================================================

    Total RO  Size (Code + RO Data)                22268 (  21.75kB)
    Total RW  Size (RW Data + ZI Data)              1536 (   1.50kB)
    Total ROM Size (Code + RO Data + RW Data)      22268 (  21.75kB)

==============================================================================

